Godot Engine v4.7.2.stable.official.ed1daf0bf - https://godotengine.org

bake_region — 384 x 384 tiles at 2.0 m, origin (-384, -384) m

  walking: 5.0 m/s, 2.50 tiles a second on this world
  his site 'village_scierie' ignored, as the brief says
  wood thornwood_east   7760 tiles planted (scaffold)
  wood works_wood       3773 tiles planted (scaffold)
  wood thornwood_belt   13888 tiles planted (scaffold)
  ground farmland  round wide_acres  2549 tiles
  ground marsh     round saltmarch   1616 tiles
  trees: 897 placed, 3824 tiles of wood under their crowns
  clearing: 280 tiles of thicket left as open wood, nothing standing there to be seen
  cutting his_bridge                   2 tiles of rock under the road
  ford: 56 tiles of river made wadeable at (181, 232)
  buildings: 6 of his stand as props
  kit   brindle      his: 6 of his buildings stand in it, nothing of ours
  kit   cinderworks  his site, nothing built in it yet: our kit at (24, 16)
  kit   harrowgate   scaffold: ground, streets, landmarks, scenery at (40, 28)
  kit   wide_acres   his site, nothing built in it yet: our kit at (24, 16)
  kit   muster       scaffold: ground, streets, landmarks, scenery at (20, 14)
  kit   saltmarch    scaffold: ground, streets, landmarks, scenery at (26, 18)
  kit   cairnwell    his site, nothing built in it yet: our kit at (40, 28)
  kit   blackcairn   scaffold: ground, streets, landmarks, scenery at (24, 18)
  footprints: 410 wall tiles opened around pieces of his library
  terrain: SEA 21092, MOUNTAIN 29831, WILD 50922, SAND 2306, WATER 6334, FOREST 26093, RAMPART 79, CASTLE 284, WALL 293, ROAD 3996, TOWN 729, FARMLAND 2267, CAMP 85, CLEARED 1735, FORD 56, CLEARING 145, MARSH 1209
  props: 118
  place brindle      (279, 319) zone (35, 30) his (brindle)
  place cinderworks  (319, 224) zone (50, 50) his (village_acierie)
  place harrowgate   (237, 209) zone (40, 28) SCAFFOLD
  place wide_acres   (107, 212) zone (60, 50) his (village_fermier)
  place muster       (177, 197) zone (20, 14) SCAFFOLD
  place saltmarch    (74, 310) zone (26, 18) SCAFFOLD
  place cairnwell    (117, 102) zone (100, 90) his (ville_chateau)
  place blackcairn   (112, 75) zone (24, 18) SCAFFOLD
  point bridge                 (206, 201) on ROAD     scaffold
  point ford                   (181, 232) on FOREST   scaffold
  point clearing               (292, 287) on CLEARING scaffold
  point working_face           (337, 267) on CLEARED  scaffold
  point kell_fire              (309, 299) on FOREST   scaffold
  point ferry                  (119, 261) on WILD     scaffold
  point road_long_stretch      (267, 221) on FOREST   scaffold
  point road_muster_junction   (189, 208) on FOREST   scaffold
  point road_climb             (151, 159) on FOREST   scaffold
  point road_last_stop         (131, 113) on WILD     scaffold
  point his_bridge             (326, 223) on ROAD     his
  CROSSING ville_acierie                over 25 tiles of river at (205, 200) (27, 17 m)
  CROSSING fermes                       over  6 tiles of river at (201, 203) (19, 23 m)
  CROSSING brindle                      over 14 tiles of river at (269, 271) (155, 159 m)
  CROSSING his_bridge                   over 16 tiles of river at (327, 223) (271, 63 m)

deterministic: two bakes agree, 62188 bytes
wrote res://content/region.json
