Godot Engine v4.7.2.stable.official.ed1daf0bf - https://godotengine.org

RIVER_INTEGRATION PASS checks=84 failures=0
Godot Engine v4.7.2.stable.official.ed1daf0bf - https://godotengine.org

IRONWORKS_TOWN_CHECK PASS checks=192 failures=0
Godot Engine v4.7.2.stable.official.ed1daf0bf - https://godotengine.org

IRONWORKS_COHERENCE PASS checks=117 failures=0
Godot Engine v4.7.2.stable.official.ed1daf0bf - https://godotengine.org

PASS terrain chunks loaded
PASS water mesh loaded
PASS character spawn rests on terrain
PASS sector present: Decor/ForetsBrindle
PASS sector present: Decor/ForetsNordEst
PASS sector present: Decor/MineAcierie
PASS saved vegetation instances present
PASS two residual smoke emitters
PASS smoke active: MaisonDuChemin
PASS smoke active: MaisonBasse
PASS burned ground enabled
WARNING: Loaded resource as image file, this will not work on export: 'res://assets/landscape/brindle_scorch_mask.png'. Instead, import the image file as an Image resource and load it normally as a resource.
     at: load_from_file (core/io/image.cpp:2780)
     GDScript backtrace (most recent call first):
         [0] run (res://tools/verify_workshop.gd:49)
         [1] frames (res://tools/verify_workshop.gd:24)
PASS six saved ruin instances
PASS source foundation retained: MaisonDuHaut
PASS no habitation lights: MaisonDuHaut
PASS scorch mask covers house: MaisonDuHaut
PASS character crosses entrance: MaisonDuHaut
PASS source foundation retained: MaisonDuChemin
PASS no habitation lights: MaisonDuChemin
PASS scorch mask covers house: MaisonDuChemin
PASS character crosses entrance: MaisonDuChemin
PASS source foundation retained: MaisonDesBouleaux
PASS no habitation lights: MaisonDesBouleaux
PASS scorch mask covers house: MaisonDesBouleaux
PASS character crosses entrance: MaisonDesBouleaux
PASS source foundation retained: MaisonBasse
PASS no habitation lights: MaisonBasse
PASS scorch mask covers house: MaisonBasse
PASS character crosses entrance: MaisonBasse
PASS source foundation retained: MaisonDuSud
PASS no habitation lights: MaisonDuSud
PASS scorch mask covers house: MaisonDuSud
PASS character crosses entrance: MaisonDuSud
PASS source foundation retained: Grange
PASS no habitation lights: Grange
PASS scorch mask covers house: Grange
PASS character crosses entrance: Grange
PASS village paths remain passable
WORKSHOP_CHECK_RESULT PASS failures=0
