warning: Cannot merge binary files: prototypes/brindle_3d/assets/landscape/water_level.f32 (HEAD vs. main)
warning: Cannot merge binary files: prototypes/brindle_3d/assets/landscape/water_flow.f32 (HEAD vs. main)
warning: Cannot merge binary files: prototypes/brindle_3d/assets/landscape/terrain_paint.f32 (HEAD vs. main)
warning: Cannot merge binary files: prototypes/brindle_3d/assets/landscape/height.f32 (HEAD vs. main)
CONFLICT (add/add): Merge conflict in prototypes/brindle_3d/tools/check_workshop.sh
Auto-merging prototypes/brindle_3d/tools/check_workshop.sh
CONFLICT (add/add): Merge conflict in prototypes/brindle_3d/tools/build_landscape.py
Auto-merging prototypes/brindle_3d/tools/build_landscape.py
CONFLICT (add/add): Merge conflict in prototypes/brindle_3d/shaders/brindle_water.gdshader
Auto-merging prototypes/brindle_3d/shaders/brindle_water.gdshader
CONFLICT (add/add): Merge conflict in prototypes/brindle_3d/shaders/brindle_path.gdshader
Auto-merging prototypes/brindle_3d/shaders/brindle_path.gdshader
CONFLICT (add/add): Merge conflict in prototypes/brindle_3d/shaders/brindle_landscape.gdshader
Auto-merging prototypes/brindle_3d/shaders/brindle_landscape.gdshader
CONFLICT (add/add): Merge conflict in prototypes/brindle_3d/scripts/playtest_session.gd
Auto-merging prototypes/brindle_3d/scripts/playtest_session.gd
CONFLICT (add/add): Merge conflict in prototypes/brindle_3d/scripts/map_camera.gd
Auto-merging prototypes/brindle_3d/scripts/map_camera.gd
CONFLICT (add/add): Merge conflict in prototypes/brindle_3d/scripts/ground_path.gd
Auto-merging prototypes/brindle_3d/scripts/ground_path.gd
CONFLICT (add/add): Merge conflict in prototypes/brindle_3d/scripts/flat_ground.gd
Auto-merging prototypes/brindle_3d/scripts/flat_ground.gd
CONFLICT (add/add): Merge conflict in prototypes/brindle_3d/scenes/sectors/mine_acierie.tscn
Auto-merging prototypes/brindle_3d/scenes/sectors/mine_acierie.tscn
CONFLICT (add/add): Merge conflict in prototypes/brindle_3d/scenes/sectors/forets_nord_est.tscn
Auto-merging prototypes/brindle_3d/scenes/sectors/forets_nord_est.tscn
CONFLICT (add/add): Merge conflict in prototypes/brindle_3d/scenes/sectors/forets_brindle.tscn
Auto-merging prototypes/brindle_3d/scenes/sectors/forets_brindle.tscn
CONFLICT (add/add): Merge conflict in prototypes/brindle_3d/scenes/relief_godot.tscn
Auto-merging prototypes/brindle_3d/scenes/relief_godot.tscn
CONFLICT (add/add): Merge conflict in prototypes/brindle_3d/scenes/map_plate.tscn
Auto-merging prototypes/brindle_3d/scenes/map_plate.tscn
CONFLICT (add/add): Merge conflict in prototypes/brindle_3d/planning/geographie-v1.json
Auto-merging prototypes/brindle_3d/planning/geographie-v1.json
CONFLICT (add/add): Merge conflict in prototypes/brindle_3d/planning/Travailler-Brindle-dans-Godot.md
Auto-merging prototypes/brindle_3d/planning/Travailler-Brindle-dans-Godot.md
CONFLICT (add/add): Merge conflict in prototypes/brindle_3d/planning/Proposition-geographique.md
Auto-merging prototypes/brindle_3d/planning/Proposition-geographique.md
CONFLICT (add/add): Merge conflict in prototypes/brindle_3d/materials/brindle_path.tres
Auto-merging prototypes/brindle_3d/materials/brindle_path.tres
CONFLICT (add/add): Merge conflict in prototypes/brindle_3d/assets/landscape/water_level.f32
Auto-merging prototypes/brindle_3d/assets/landscape/water_level.f32
CONFLICT (add/add): Merge conflict in prototypes/brindle_3d/assets/landscape/water_flow.f32
Auto-merging prototypes/brindle_3d/assets/landscape/water_flow.f32
CONFLICT (add/add): Merge conflict in prototypes/brindle_3d/assets/landscape/terrain_paint.f32
Auto-merging prototypes/brindle_3d/assets/landscape/terrain_paint.f32
CONFLICT (add/add): Merge conflict in prototypes/brindle_3d/assets/landscape/landscape.json
Auto-merging prototypes/brindle_3d/assets/landscape/landscape.json
CONFLICT (add/add): Merge conflict in prototypes/brindle_3d/assets/landscape/height.f32
Auto-merging prototypes/brindle_3d/assets/landscape/height.f32
Auto-merging .github/workflows/tests.yml
CONFLICT (content): Merge conflict in .github/workflows/tests.yml
Automatic merge failed; fix conflicts and then commit the result.
